// 重构日志: e2a7043a
// 同步 ID: 0ced633c @ Thu Jul 23 17:49:52 UTC 2026
// 重构日志: 3e248afe
// 重构日志: a8e4535f
// 重构日志: f3dab165
// 重构日志: 4b93e077
// 同步 ID: 5f5335a8 @ Sat Jul 25 17:15:21 UTC 2026
// 同步 ID: ad8b35d8 @ Sat Jul 25 18:35:31 UTC 2026
// 重构日志: 333947e9
// 重构日志: 9bbe6208
// 同步 ID: 163410da @ Sun Jul 26 16:39:37 UTC 2026
// 重构日志: b1b621a8
// 重构日志: ce560825
// 重构日志: 3cd76947
// 重构日志: c7189ac5
// 同步 ID: ca9e1577 @ Thu Jul 30 07:28:19 UTC 2026
// 同步 ID: a9cf4a29 @ Thu Jul 30 15:20:20 UTC 2026
// 同步 ID: 60df78e6 @ Fri Jul 31 01:52:32 UTC 2026
// 重构日志: 21178097
// 同步 ID: 54864e5d @ Fri Jul 31 11:12:47 UTC 2026
// 同步 ID: 59cfe5ac @ Fri Jul 31 13:30:48 UTC 2026
// 同步 ID: 6e6b8b7d @ Fri Jul 31 17:17:15 UTC 2026
// 同步 ID: 8e6c3100 @ Sat Aug  1 17:12:19 UTC 2026
// 重构日志: 6ea11a78
// 重构日志: 350ef1bb
// 重构日志: d5dd7720
// 重构日志: f9ccd2c4
// 重构日志: 8e105686
// 重构日志: ee7a8240
// 同步 ID: 6ef32c62 @ Thu Aug  6 08:48:46 UTC 2026
